// Vitest Snapshot v1, https://vitest.dev/guide/snapshot.html

exports[`Card > deve corresponder ao snapshot 1`] = `
<DocumentFragment>
  Card
</DocumentFragment>
`;
